// Jest Snapshot v1, https://goo.gl/fbAQLP

exports[`Legend renders correctly 1`] = `
<DocumentFragment>
  <legend
    class="css-17qz6a2"
  >
    <strong>
      Flag: 
    </strong>
    <code
      class="css-12ap3z0"
    >
      <span
        class="css-qm6gfa"
      >
        ctrl
      </span>
       + 
      <span
        class="css-l2ia8y"
      >
        click
      </span>
    </code>
  </legend>
</DocumentFragment>
`;
