// Jest Snapshot v1, https://goo.gl/fbAQLP

exports[`Top renders correctly 1`] = `
<DocumentFragment>
  <header
    class="css-dn2347"
  >
    <h1
      class="css-18kvaxm"
    >
      Minesweeper
    </h1>
    <legend
      class="css-17qz6a2"
    >
      <strong>
        Flag: 
      </strong>
      <code
        class="css-12ap3z0"
      >
        <span
          class="css-qm6gfa"
        >
          ctrl
        </span>
         + 
        <span
          class="css-l2ia8y"
        >
          click
        </span>
      </code>
    </legend>
  </header>
</DocumentFragment>
`;
